[{
	"key": "common",
	"state": "unchanged",
	"children": [{
		"key": "follow",
		"state": "new",
		"old_value": null,
		"new_value": false
	}, {
		"key": "setting1",
		"state": "unchanged",
		"old_value": "Value 1",
		"new_value": "Value 1"
	}, {
		"key": "setting2",
		"state": "removed",
		"old_value": 200,
		"new_value": null
	}, {
		"key": "setting3",
		"state": "changed",
		"old_value": true,
		"new_value": null
	}, {
		"key": "setting4",
		"state": "new",
		"old_value": null,
		"new_value": "blah blah"
	}, {
		"key": "setting5",
		"state": "new",
		"old_value": null,
		"new_value": [{
			"key": "key5",
			"state": "unchanged",
			"old_value": "value5",
			"new_value": "value5"
		}]
	}, {
		"key": "setting6",
		"state": "unchanged",
		"children": [{
			"key": "doge",
			"state": "unchanged",
			"children": [{
				"key": "wow",
				"state": "changed",
				"old_value": "",
				"new_value": "so much"
			}]
		}, {
			"key": "key",
			"state": "unchanged",
			"old_value": "value",
			"new_value": "value"
		}, {
			"key": "ops",
			"state": "new",
			"old_value": null,
			"new_value": "vops"
		}]
	}]
}, {
	"key": "group1",
	"state": "unchanged",
	"children": [{
		"key": "baz",
		"state": "changed",
		"old_value": "bas",
		"new_value": "bars"
	}, {
		"key": "foo",
		"state": "unchanged",
		"old_value": "bar",
		"new_value": "bar"
	}, {
		"key": "nest",
		"state": "changed",
		"old_value": [{
			"key": "key",
			"state": "unchanged",
			"old_value": "value",
			"new_value": "value"
		}],
		"new_value": "str"
	}]
}, {
	"key": "group2",
	"state": "removed",
	"old_value": [{
		"key": "abc",
		"state": "unchanged",
		"old_value": 12345,
		"new_value": 12345
	}, {
		"key": "deep",
		"state": "unchanged",
		"children": [{
			"key": "id",
			"state": "unchanged",
			"old_value": 45,
			"new_value": 45
		}]
	}],
	"new_value": null
}, {
	"key": "group3",
	"state": "new",
	"old_value": null,
	"new_value": [{
		"key": "deep",
		"state": "unchanged",
		"children": [{
			"key": "id",
			"state": "unchanged",
			"children": [{
				"key": "number",
				"state": "unchanged",
				"old_value": 45,
				"new_value": 45
			}]
		}]
	}, {
		"key": "fee",
		"state": "unchanged",
		"old_value": 100500,
		"new_value": 100500
	}]
}]